Error: /app/src/build/linux-debug is not a directory
